// Jest Snapshot v1, https://goo.gl/fbAQLP

exports[`Button should render correctly 1`] = `
<input
  className="btn"
  onClick={[Function]}
  type="submit"
  value=""
/>
`;
